// Jest Snapshot v1, https://goo.gl/fbAQLP

exports[`EditListingDetailsForm matches snapshot 1`] = `
<form
  action="/"
  className="root"
  method="post"
  onSubmit={[Function]}
>
  <div
    className="root title"
  >
    <label
      htmlFor="title"
    >
      EditListingDetailsForm.title
    </label>
    <input
      className="input"
      id="title"
      maxLength={60}
      name="title"
      onBlur={[Function]}
      onChange={[Function]}
      onFocus={[Function]}
      placeholder="EditListingDetailsForm.titlePlaceholder"
      type="text"
      value=""
    />
  </div>
  <div
    className="root description"
  >
    <label
      htmlFor="description"
    >
      EditListingDetailsForm.description
    </label>
    <textarea
      className="input textarea"
      id="description"
      maxLength={5000}
      name="description"
      onBlur={[Function]}
      onChange={[Function]}
      onFocus={[Function]}
      placeholder="EditListingDetailsForm.descriptionPlaceholder"
      rows={1}
      value=""
    />
  </div>
  <div
    className="root detailsSelect"
  >
    <label
      htmlFor="category"
    >
      EditListingDetailsForm.categoryLabel
    </label>
    <select
      className="select"
      id="category"
      name="category"
      onBlur={[Function]}
      onChange={[Function]}
      onFocus={[Function]}
      value=""
    >
      <option
        disabled={true}
        value=""
      >
        EditListingDetailsForm.categoryPlaceholder
      </option>
      <option
        key="hatsAndHeadwear"
        value="Hats & Headwear"
      >
        Hats & Headwear
      </option>
      <option
        key="jacketsAndSportswear"
        value="Jackets & Sportswear"
      >
        Jackets & Sportswear
      </option>
      <option
        key="shirts"
        value="Shirts"
      >
        Shirts
      </option>
      <option
        key="sweatsAndCasual"
        value="Sweats & Casual"
      >
        Sweats & Casual
      </option>
      <option
        key="sweatshirts"
        value="Sweatshirts"
      >
        Sweatshirts
      </option>
      <option
        key="accessories"
        value="Accessories"
      >
        Accessories
      </option>
    </select>
  </div>
  <div
    className="root detailsSelect"
  >
    <label
      htmlFor="size"
    >
      EditListingDetailsForm.sizeLabel
    </label>
    <select
      className="select"
      id="size"
      name="size"
      onBlur={[Function]}
      onChange={[Function]}
      onFocus={[Function]}
      value=""
    >
      <option
        disabled={true}
        value=""
      >
        EditListingDetailsForm.sizePlaceholder
      </option>
      <option
        key="small"
        value="S"
      >
        S
      </option>
      <option
        key="medium"
        value="M"
      >
        M
      </option>
      <option
        key="large"
        value="L"
      >
        L
      </option>
      <option
        key="extraLarge"
        value="XL"
      >
        XL
      </option>
    </select>
  </div>
  <div
    className="root detailsSelect"
  >
    <label
      htmlFor="sorority"
    >
      EditListingDetailsForm.sororityLabel
    </label>
    <select
      className="select"
      id="sorority"
      name="Sorority"
      onBlur={[Function]}
      onChange={[Function]}
      onFocus={[Function]}
      value=""
    >
      <option
        disabled={true}
        value=""
      >
        EditListingDetailsForm.sororityPlaceholder
      </option>
      <option
        key="alphaChiOmega"
        value="Alpha Chi Omega"
      >
        Alpha Chi Omega
      </option>
      <option
        key="alphaDeltaChi"
        value="Alpha Delta Chi"
      >
        Alpha Delta Chi
      </option>
      <option
        key="alphaEpsilonPhi"
        value="Alpha Epsilon Phi"
      >
        Alpha Epsilon Phi
      </option>
    </select>
  </div>
  <button
    className="root submitButton"
    disabled={true}
    type="submit"
  >
    Save details
  </button>
</form>
`;
