// Jest Snapshot v1, https://goo.gl/fbAQLP

exports[`EditListingDetailsForm matches snapshot 1`] = `
<form
  action="/"
  className="root"
  method="post"
  onSubmit={[Function]}
>
  <div
    className="root title"
  >
    <label
      htmlFor="title"
    >
      EditListingDetailsForm.title
    </label>
    <input
      className="input"
      id="title"
      maxLength={60}
      name="title"
      onBlur={[Function]}
      onChange={[Function]}
      onFocus={[Function]}
      placeholder="EditListingDetailsForm.titlePlaceholder"
      type="text"
      value=""
    />
  </div>
  <div
    className="root description"
  >
    <label
      htmlFor="description"
    >
      EditListingDetailsForm.description
    </label>
    <textarea
      className="input textarea"
      id="description"
      maxLength={5000}
      name="description"
      onBlur={[Function]}
      onChange={[Function]}
      onFocus={[Function]}
      placeholder="EditListingDetailsForm.descriptionPlaceholder"
      rows={1}
      value=""
    />
  </div>
  <div
    className="root detailsSelect"
  >
    <label
      htmlFor="category"
    >
      EditListingDetailsForm.categoryLabel
    </label>
    <select
      className="select"
      id="category"
      name="category"
      onBlur={[Function]}
      onChange={[Function]}
      onFocus={[Function]}
      value=""
    >
      <option
        disabled={true}
        value=""
      >
        EditListingDetailsForm.categoryPlaceholder
      </option>
      <option
        key="hatsAndHeadwear"
        value="Hats & Headwear"
      >
        Hats & Headwear
      </option>
      <option
        key="jacketsAndSportswear"
        value="Jackets & Sportswear"
      >
        Jackets & Sportswear
      </option>
      <option
        key="shirts"
        value="Shirts"
      >
        Shirts
      </option>
      <option
        key="sweatsAndCasual"
        value="Sweats & Casual"
      >
        Sweats & Casual
      </option>
      <option
        key="sweatshirts"
        value="Sweatshirts"
      >
        Sweatshirts
      </option>
      <option
        key="accessories"
        value="Accessories"
      >
        Accessories
      </option>
    </select>
  </div>
  <div
    className="root detailsSelect"
  >
    <label
      htmlFor="size"
    >
      EditListingDetailsForm.sizeLabel
    </label>
    <select
      className="select"
      id="size"
      name="Size"
      onBlur={[Function]}
      onChange={[Function]}
      onFocus={[Function]}
      value=""
    >
      <option
        disabled={true}
        value=""
      >
        EditListingDetailsForm.sizePlaceholder
      </option>
      <option
        key="extraSmall"
        value="XS"
      >
        XS
      <option
        key="small"
        value="S"
      >
        S
      </option>
      <option
        key="medium"
        value="M"
      >
        M
      </option>
      <option
        key="large"
        value="L"
      >
        L
      </option>
      <option
        key="extraLarge"
        value="XL"
      >
        XL
      <option
        key="doubleExtraLarge"
        value="XXL"
      >
        XXL
      </option>
      <option
        key="oneSize"
        value="One size"
      >
        One size
      </option>
    </select>
  </div>

  <div
    className="root detailsSelect"
  >
    <label
      htmlFor="madetoorder"
    >
      EditListingDetailsForm.madetoorderLabel
    </label>
    <select
      className="select"
      id="madetoorder"
      name="Made to Order"
      onBlur={[Function]}
      onChange={[Function]}
      onFocus={[Function]}
      value=""
    >
      <option
        disabled={true}
        value=""
      >
        EditListingDetailsForm.madetoorderPlaceholder
      </option>
      <option
        key="true"
        value="True"
      >
        True
      <option
        key="false"
        value="False"
      >
        False
      </option>
    </select>
  </div>

  <div
    className="root detailsSelect"
  >
    <label
      htmlFor="color"
    >
      EditListingDetailsForm.colorLabel
    </label>
    <select
      className="select"
      id="color"
      name="Color"
      onBlur={[Function]}
      onChange={[Function]}
      onFocus={[Function]}
      value=""
    >
      <option
        disabled={true}
        value=""
      >
        EditListingDetailsForm.colorPlaceholder
      </option>
      <option
        key="black"
        value="Black"
      >
        Black
      <option
        key="blue"
        value="Blue"
      >
        Blue
      </option>
      <option
        key="brown"
        value="Brown"
      >
        Brown
      </option>
      <option
        key="clear"
        value="Clear"
      >
        Clear
      </option>
      <option
        key="gold"
        value="Gold"
      >
        Gold
      <option
        key="gray"
        value="Gray"
      >
        Gray
      </option>
      <option
        key="green"
        value="Green"
      >
        Green
      </option>
      <option
        key="orange"
        value="Orange"
      >
        Orange
      </option>
      <option
        key="pink"
        value="Pink"
      >
        Pink
      </option>
      <option
        key="purple"
        value="Purple"
      >
        Purple
      </option>
      <option
        key="rainbow"
        value="Rainbow"
      >
        Rainbow
      </option>
      <option
        key="red"
        value="Red"
      >
        Red
      </option>
      <option
        key="silver"
        value="Silver"
      >
        Silver
      </option>
      <option
        key="tan"
        value="Tan"
      >
        Tan
      </option>
      <option
        key="white"
        value="White"
      >
        White
      </option>
      <option
        key="yellow"
        value="Yellow"
      >
        Yellow
      </option>
    </select>
  </div>
  <div
    className="root detailsSelect"
  >
    <label
      htmlFor="condition"
    >
      EditListingDetailsForm.conditionLabel
    </label>
    <select
      className="select"
      id="condition"
      name="Condition"
      onBlur={[Function]}
      onChange={[Function]}
      onFocus={[Function]}
      value=""
    >
      <option
        disabled={true}
        value=""
      >
        EditListingDetailsForm.conditionPlaceholder
      </option>
      <option
        key="new"
        value="New"
      >
        New
      </option>
      <option
        key="good"
        value="Good"
      >
        Good
      </option>
      <option
        key="fair"
        value="Fair"
      >
        Fair
      </option>
    </select>
  </div>
  <div
    className="root detailsSelect"
  >
    <label
      htmlFor="sorority"
    >
      EditListingDetailsForm.sororityLabel
    </label>
    <select
      className="select"
      id="sorority"
      name="Sorority"
      onBlur={[Function]}
      onChange={[Function]}
      onFocus={[Function]}
      value=""
    >
      <option
        disabled={true}
        value=""
      >
        EditListingDetailsForm.sororityPlaceholder
      </option>
      <option
        key="alphaChiOmega"
        value="Alpha Chi Omega"
      >
        Alpha Chi Omega
      </option>
      <option
        key="alphaDeltaPi"
        value="Alpha Delta Pi"
      >
        Alpha Delta Pi
      </option>
      <option
        key="alphaEpsilonPhi"
        value="Alpha Epsilon Phi"
      >
        Alpha Epsilon Phi
      </option>
      <option
        key="alphaGammaDelta"
        value="Alpha Gamma Delta"
      >
        Alpha Gamma Delta
      </option>
      <option
        key="alphaOmicronPi"
        value="Alpha Omicron Pi"
      >
        Alpha Omicron Pi
      </option>
      <option
        key="alphaPhi"
        value="Alpha Phi"
      >
        Alpha Phi
      </option>
      <option
        key="alphaSigmaAlpha"
        value="Alpha Sigma Alpha"
      >
        Alpha Sigma Alpha
      </option>
      <option
        key="alphaSigmaTau"
        value="Alpha Sigma Tau"
      >
        Alpha Sigma Tau
      </option>
      <option
        key="alphaXiDelta"
        value="Alpha Xi Delta"
      >
        Alpha Xi Delta
      </option>
      <option
        key="chiOmega"
        value="Chi Omega"
      >
        Chi Omega
      </option>
      <option
        key="deltaDeltaDelta"
        value="Delta Delta Delta"
      >
        Delta Delta Delta
      </option>
      <option
        key="deltaGamma"
        value="Delta Gamma"
      >
        Delta Gamma
      </option>
      <option
        key="deltaPhiEpsilon"
        value="Delta Phi Epsilon"
      >
        Delta Phi Epsilon
      </option>
      <option
        key="deltaZeta"
        value="Delta Zeta"
      >
        Delta Zeta
      </option>
      <option
        key="gammaPhiBeta"
        value="Gamma Phi Beta"
      >
        Gamma Phi Beta
      </option>
      <option
        key="kappaAlphaTheta"
        value="Kappa Alpha Theta"
      >
        Kappa Alpha Theta
      </option>
      <option
        key="kappaDelta"
        value="Kappa Delta"
      >
        Kappa Delta
      </option>
      <option
        key="kappaKappaGamma"
        value="Kappa Kappa Gamma"
      >
        Kappa Kappa Gamma
      </option>
      <option
        key="phiMu"
        value="Phi Mu"
      >
        Phi Mu
      </option>
      <option
        key="phiSigmaSigma"
        value="Phi Sigma Sigma"
      >
        Phi Sigma Sigma
      </option>
      <option
        key="piBetaPhi"
        value="Pi Beta Phi"
      >
        Pi Beta Phi
      </option>
      <option
        key="rhoGamma"
        value="Rho Gamma"
      >
        Rho Gamma
      </option>
      <option
        key="sigmaDeltaTau"
        value="Sigma Delta Tau"
      >
        Sigma Delta Tau
      </option>
      <option
        key="sigmaKappa"
        value="Sigma Kappa"
      >
        Sigma Kappa
      </option>
      <option
        key="sigmaSigmaSigma"
        value="Sigma Sigma Sigma"
      >
        Sigma Sigma Sigma
      </option>
      <option
        key="thetaPhiAlpha"
        value="Theta Phi Alpha"
      >
        Theta Phi Alpha
      </option>
      <option
        key="zetaTauAlpha"
        value="Zeta Tau Alpha"
      >
        Zeta Tau Alpha
      </option>
      <option
        key="notAssociated"
        value="Not Associated"
      >
        Not Associated
      </option>
    </select>
  </div>

  <div
    className="root detailsSelect"
  >
    <label
      htmlFor="blah"
    >
      EditListingDetailsForm.blahLabel
    </label>
    <select
      className="select"
      id="blah"
      name="Blah"
      onBlur={[Function]}
      onChange={[Function]}
      onFocus={[Function]}
      value=""
    >
      <option
        disabled={true}
        value=""
      >
        EditListingDetailsForm.blahPlaceholder
      </option>
      <option
        key="blah1"
        value="Blah1"
      >
        Blah1
      <option
        key="blah2"
        value="Blah2"
      >
        Blah2
      </option>
      <option
        key="blah3"
        value="Blah3"
      >
        Blah3
      </option>
    </select>
  </div>

  <button
    className="root submitButton"
    disabled={true}
    type="submit"
  >
    Save details
  </button>
</form>
`;
