// Jest Snapshot v1, https://goo.gl/fbAQLP

exports[`EditListingDetailsForm matches snapshot 1`] = `
<form
  action="/"
  className="root"
  method="post"
  onSubmit={[Function]}
>
  <div
    className="root title"
  >
    <label
      htmlFor="title"
    >
      EditListingDetailsForm.title
    </label>
    <input
      className="input"
      id="title"
      maxLength={60}
      name="title"
      onBlur={[Function]}
      onChange={[Function]}
      onFocus={[Function]}
      placeholder="EditListingDetailsForm.titlePlaceholder"
      type="text"
      value=""
    />
  </div>
  <div
    className="root description"
  >
    <label
      htmlFor="description"
    >
      EditListingDetailsForm.description
    </label>
    <textarea
      className="input textarea"
      id="description"
      maxLength={5000}
      name="description"
      onBlur={[Function]}
      onChange={[Function]}
      onFocus={[Function]}
      placeholder="EditListingDetailsForm.descriptionPlaceholder"
      rows={1}
      value=""
    />
  </div>
  <div
    className="root detailsSelect"
  >
    <label
      htmlFor="category"
    >
      EditListingDetailsForm.categoryLabel
    </label>
    <select
      className="select"
      id="category"
      name="category"
      onBlur={[Function]}
      onChange={[Function]}
      onFocus={[Function]}
      value=""
    >
      <option
        disabled={true}
        value=""
      >
        EditListingDetailsForm.categoryPlaceholder
      </option>
      <option
        key="hatsAndHeadwear"
        value="Hats & Headwear"
      >
        Hats & Headwear
      </option>
      <option
        key="jacketsAndSportswear"
        value="Jackets & Sportswear"
      >
        Jackets & Sportswear
      </option>
      <option
        key="shirts"
        value="Shirts"
      >
        Shirts
      </option>
      <option
        key="sweatsAndCasual"
        value="Sweats & Casual"
      >
        Sweats & Casual
      </option>
      <option
        key="sweatshirts"
        value="Sweatshirts"
      >
        Sweatshirts
      </option>
      <option
        key="accessories"
        value="Accessories"
      >
        Accessories
      </option>
    </select>
  </div>
  <div
    className="root detailsSelect"
  >
    <label
      htmlFor="size"
    >
      EditListingDetailsForm.sizeLabel
    </label>
    <select
      className="select"
      id="size"
      name="size"
      onBlur={[Function]}
      onChange={[Function]}
      onFocus={[Function]}
      value=""
    >
      <option
        disabled={true}
        value=""
      >
        EditListingDetailsForm.sizePlaceholder
      </option>
      <option
        key="small"
        value="S"
      >
        S
      </option>
      <option
        key="medium"
        value="M"
      >
        M
      </option>
      <option
        key="large"
        value="L"
      >
        L
      </option>
      <option
        key="extraLarge"
        value="XL"
      >
        XL
      </option>
      <option
        key="oneSizeFitsAll"
        value="One size fits all"
      >
        One size fits all
      </option>
    </select>
  </div>
  <div
    className="root detailsSelect"
  >
    <label
      htmlFor="sorority"
    >
      EditListingDetailsForm.sororityLabel
    </label>
    <select
      className="select"
      id="sorority"
      name="Sorority"
      onBlur={[Function]}
      onChange={[Function]}
      onFocus={[Function]}
      value=""
    >
      <option
        disabled={true}
        value=""
      >
        EditListingDetailsForm.sororityPlaceholder
      </option>
      <option
        key="alphaChiOmega"
        value="Alpha Chi Omega"
      >
        Alpha Chi Omega
      </option>
      <option
        key="alphaDeltaPi"
        value="Alpha Delta Pi"
      >
        Alpha Delta Pi
      </option>
      <option
        key="alphaEpsilonPhi"
        value="Alpha Epsilon Phi"
      >
        Alpha Epsilon Phi
      </option>
      <option
        key="alphaGammaDelta"
        value="Alpha Gamma Delta"
      >
        Alpha Gamma Delta
      </option>
      <option
        key="alphaOmicronPi"
        value="Alpha Omicron Pi"
      >
        Alpha Omicron Pi
      </option>
      <option
        key="alphaPhi"
        value="Alpha Phi"
      >
        Alpha Phi
      </option>
      <option
        key="alphaSigmaAlpha"
        value="Alpha Sigma Alpha"
      >
        Alpha Sigma Alpha
      </option>
      <option
        key="alphaSigmaTau"
        value="Alpha Sigma Tau"
      >
        Alpha Sigma Tau
      </option>
      <option
        key="alphaXiDelta"
        value="Alpha Xi Delta"
      >
        Alpha Xi Delta
      </option>
      <option
        key="chiOmega"
        value="Chi Omega"
      >
        Chi Omega
      </option>
      <option
        key="deltaDeltaDelta"
        value="Delta Delta Delta"
      >
        Delta Delta Delta
      </option>
      <option
        key="deltaGamma"
        value="Delta Gamma"
      >
        Delta Gamma
      </option>
      <option
        key="deltaPhiEpsilon"
        value="Delta Phi Epsilon"
      >
        Delta Phi Epsilon
      </option>
      <option
        key="deltaZeta"
        value="Delta Zeta"
      >
        Delta Zeta
      </option>
      <option
        key="gammaPhiBeta"
        value="Gamma Phi Beta"
      >
        Gamma Phi Beta
      </option>
      <option
        key="kappaAlphaTheta"
        value="Kappa Alpha Theta"
      >
        Kappa Alpha Theta
      </option>
      <option
        key="kappaDelta"
        value="Kappa Delta"
      >
        Kappa Delta
      </option>
      <option
        key="kappaKappaGamma"
        value="Kappa Kappa Gamma"
      >
        Kappa Kappa Gamma
      </option>
      <option
        key="phiMu"
        value="Phi Mu"
      >
        Phi Mu
      </option>
      <option
        key="phiSigmaSigma"
        value="Phi Sigma Sigma"
      >
        Phi Sigma Sigma
      </option>
      <option
        key="piBetaPhi"
        value="Pi Beta Phi"
      >
        Pi Beta Phi
      </option>
      <option
        key="rhoGamma"
        value="Rho Gamma"
      >
        Rho Gamma
      </option>
      <option
        key="sigmaDeltaTau"
        value="Sigma Delta Tau"
      >
        Sigma Delta Tau
      </option>
      <option
        key="sigmaKappa"
        value="Sigma Kappa"
      >
        Sigma Kappa
      </option>
      <option
        key="sigmaSigmaSigma"
        value="Sigma Sigma Sigma"
      >
        Sigma Sigma Sigma
      </option>
      <option
        key="thetaPhiAlpha"
        value="Theta Phi Alpha"
      >
        Theta Phi Alpha
      </option>
      <option
        key="zetaTauAlpha"
        value="Zeta Tau Alpha"
      >
        Zeta Tau Alpha
      </option>
      <option
        key="notAssociated"
        value="Not Associated"
      >
        Not Associated
      </option>
    </select>
  </div>
  <button
    className="root submitButton"
    disabled={true}
    type="submit"
  >
    Save details
  </button>
</form>
`;
